// Jest Snapshot v1, https://goo.gl/fbAQLP

exports[`New Quote should render the form correctly 1`] = `
ShallowWrapper {
  "length": 1,
  Symbol(enzyme.__root__): [Circular],
  Symbol(enzyme.__unrendered__): <NewMortgageQuote />,
  Symbol(enzyme.__renderer__): Object {
    "batchedUpdates": [Function],
    "getNode": [Function],
    "render": [Function],
    "simulateEvent": [Function],
    "unmount": [Function],
  },
  Symbol(enzyme.__node__): Object {
    "instance": null,
    "key": undefined,
    "nodeType": "host",
    "props": Object {
      "children": <label
        htmlFor=""
      >
        New Mortgage Lender
        <select
          onChange={[Function]}
          value="Santander"
        >
          <option
            icon="/assets/images/Halifax.png"
            value="Halifax"
          />
          <option
            icon="/assets/images/santander.png"
            value="Santander"
          />
        </select>
        <button>
          Cancel
        </button>
      </label>,
      "onSubmit": [Function],
    },
    "ref": null,
    "rendered": Object {
      "instance": null,
      "key": undefined,
      "nodeType": "host",
      "props": Object {
        "children": Array [
          "New Mortgage Lender",
          <select
            onChange={[Function]}
            value="Santander"
          >
            <option
              icon="/assets/images/Halifax.png"
              value="Halifax"
            />
            <option
              icon="/assets/images/santander.png"
              value="Santander"
            />
          </select>,
          <button>
            Cancel
          </button>,
        ],
        "htmlFor": "",
      },
      "ref": null,
      "rendered": Array [
        "New Mortgage Lender",
        Object {
          "instance": null,
          "key": undefined,
          "nodeType": "host",
          "props": Object {
            "children": Array [
              <option
                icon="/assets/images/Halifax.png"
                value="Halifax"
              />,
              <option
                icon="/assets/images/santander.png"
                value="Santander"
              />,
            ],
            "onChange": [Function],
            "value": "Santander",
          },
          "ref": null,
          "rendered": Array [
            Object {
              "instance": null,
              "key": undefined,
              "nodeType": "host",
              "props": Object {
                "icon": "/assets/images/Halifax.png",
                "value": "Halifax",
              },
              "ref": null,
              "rendered": null,
              "type": "option",
            },
            Object {
              "instance": null,
              "key": undefined,
              "nodeType": "host",
              "props": Object {
                "icon": "/assets/images/santander.png",
                "value": "Santander",
              },
              "ref": null,
              "rendered": null,
              "type": "option",
            },
          ],
          "type": "select",
        },
        Object {
          "instance": null,
          "key": undefined,
          "nodeType": "host",
          "props": Object {
            "children": "Cancel",
          },
          "ref": null,
          "rendered": "Cancel",
          "type": "button",
        },
      ],
      "type": "label",
    },
    "type": "form",
  },
  Symbol(enzyme.__nodes__): Array [
    Object {
      "instance": null,
      "key": undefined,
      "nodeType": "host",
      "props": Object {
        "children": <label
          htmlFor=""
        >
          New Mortgage Lender
          <select
            onChange={[Function]}
            value="Santander"
          >
            <option
              icon="/assets/images/Halifax.png"
              value="Halifax"
            />
            <option
              icon="/assets/images/santander.png"
              value="Santander"
            />
          </select>
          <button>
            Cancel
          </button>
        </label>,
        "onSubmit": [Function],
      },
      "ref": null,
      "rendered": Object {
        "instance": null,
        "key": undefined,
        "nodeType": "host",
        "props": Object {
          "children": Array [
            "New Mortgage Lender",
            <select
              onChange={[Function]}
              value="Santander"
            >
              <option
                icon="/assets/images/Halifax.png"
                value="Halifax"
              />
              <option
                icon="/assets/images/santander.png"
                value="Santander"
              />
            </select>,
            <button>
              Cancel
            </button>,
          ],
          "htmlFor": "",
        },
        "ref": null,
        "rendered": Array [
          "New Mortgage Lender",
          Object {
            "instance": null,
            "key": undefined,
            "nodeType": "host",
            "props": Object {
              "children": Array [
                <option
                  icon="/assets/images/Halifax.png"
                  value="Halifax"
                />,
                <option
                  icon="/assets/images/santander.png"
                  value="Santander"
                />,
              ],
              "onChange": [Function],
              "value": "Santander",
            },
            "ref": null,
            "rendered": Array [
              Object {
                "instance": null,
                "key": undefined,
                "nodeType": "host",
                "props": Object {
                  "icon": "/assets/images/Halifax.png",
                  "value": "Halifax",
                },
                "ref": null,
                "rendered": null,
                "type": "option",
              },
              Object {
                "instance": null,
                "key": undefined,
                "nodeType": "host",
                "props": Object {
                  "icon": "/assets/images/santander.png",
                  "value": "Santander",
                },
                "ref": null,
                "rendered": null,
                "type": "option",
              },
            ],
            "type": "select",
          },
          Object {
            "instance": null,
            "key": undefined,
            "nodeType": "host",
            "props": Object {
              "children": "Cancel",
            },
            "ref": null,
            "rendered": "Cancel",
            "type": "button",
          },
        ],
        "type": "label",
      },
      "type": "form",
    },
  ],
  Symbol(enzyme.__options__): Object {
    "adapter": ReactSixteenAdapter {
      "options": Object {
        "enableComponentDidUpdateOnSetState": true,
      },
    },
  },
}
`;
